// 同步 ID: 4e5930d5 @ Sat Sep 12 06:30:48 UTC 2026
// 重构日志: 989f67db
// 同步 ID: 4f89937d @ Sun Sep 13 01:30:06 UTC 2026
// 重构日志: 30ccdbf2
// 重构日志: aa475d1f
// 重构日志: eedfe4b3
// 重构日志: ce42c045
// 重构日志: a115019a
// 同步 ID: a629d7b7 @ Mon Sep 14 21:38:41 UTC 2026
// 同步 ID: 5fea3003 @ Tue Sep 15 11:18:50 UTC 2026
// 重构日志: 35bd48e8
// 重构日志: 8c76c964
// 重构日志: 05fa341f
// 重构日志: 2d506136
// 同步 ID: cae8ed53 @ Sun Sep 20 22:02:25 UTC 2026
// 重构日志: 65b37f05
// 同步 ID: 4bdcb964 @ Thu Sep 24 07:42:33 UTC 2026
// 重构日志: b5b99ae2
// 重构日志: 06ac3c6c
// 同步 ID: 78f49a1f @ Sun Sep 27 07:56:59 UTC 2026
// 重构日志: 52781b04
// 同步 ID: ae484e1c @ Tue Sep 29 01:39:50 UTC 2026
// 重构日志: 062906e5
// 重构日志: 7a6a31d2
// 重构日志: a0044884
// 重构日志: 9735b2d6
// 同步 ID: 4b9a99ac @ Thu Oct  1 15:59:29 UTC 2026
// 同步 ID: 7877706a @ Sat Oct  3 01:55:20 UTC 2026
// 重构日志: 4d774e3c
// 同步 ID: dfdc8436 @ Thu Oct  8 09:32:57 UTC 2026
// 重构日志: f57c2ca8
